 
****************************************
Report : cell
Design : full_adder
Version: T-2022.03-SP5-1
Date   : Wed Apr 26 19:29:19 2023
****************************************

Attributes:
    b - black box (unknown)
    h - hierarchical
    n - noncombinational
    r - removable
    u - contains unmapped logic

Cell                      Reference       Library             Area  Attributes
--------------------------------------------------------------------------------
U4                        XOR2X2_HVT      saed32hvt_ss0p7v125c
                                                          4.574592  
U5                        AO22X1_HVT      saed32hvt_ss0p7v125c
                                                          2.541440  
U6                        XOR3X2_HVT      saed32hvt_ss0p7v125c
                                                          7.370176  
--------------------------------------------------------------------------------
Total 3 cells                                             14.486208
1
