Warning: Design 'mvm_uart_system' has '2' unresolved references. For more detailed information, use the "link" command. (UID-341)
 
****************************************
check_design summary:
Version:     T-2022.03-SP5-1
Date:        Sat Apr 29 13:28:17 2023
****************************************

                   Name                                            Total
--------------------------------------------------------------------------------
Inputs/Outputs                                                     15
    Multiply driven inputs (LINT-6)                                15

Cells                                                               9
    Cells do not drive (LINT-1)                                     7
    Nets connected to multiple pins on same cell (LINT-33)          2

Nets                                                                1
    Unloaded nets (LINT-2)                                          1

Tristate                                                           14
    A tristate bus has a non tri-state driver (LINT-34)            14
--------------------------------------------------------------------------------

Warning: In design 'uart_rx_CLOCKS_PER_PULSE20833_BITS_PER_WORD8_W_OUT12', cell 'C1053' does not drive any nets. (LINT-1)
Warning: In design 'uart_rx_CLOCKS_PER_PULSE20833_BITS_PER_WORD8_W_OUT12', cell 'C1063' does not drive any nets. (LINT-1)
Warning: In design 'uart_rx_CLOCKS_PER_PULSE20833_BITS_PER_WORD8_W_OUT12', cell 'C1064' does not drive any nets. (LINT-1)
Warning: In design 'uart_rx_CLOCKS_PER_PULSE20833_BITS_PER_WORD8_W_OUT12', cell 'C1065' does not drive any nets. (LINT-1)
Warning: In design 'uart_rx_CLOCKS_PER_PULSE20833_BITS_PER_WORD8_W_OUT12', cell 'C1069' does not drive any nets. (LINT-1)
Warning: In design 'uart_tx_CLOCKS_PER_PULSE20833_BITS_PER_WORD8_PACKET_SIZE13_W_OUT64', cell 'C1912' does not drive any nets. (LINT-1)
Warning: In design 'uart_tx_CLOCKS_PER_PULSE20833_BITS_PER_WORD8_PACKET_SIZE13_W_OUT64', cell 'C1913' does not drive any nets. (LINT-1)
Warning: In design 'mvm_uart_system', net 's_ready' driven by pin 'AXIS_MVM/s_axis_kx_tready' has no loads. (LINT-2)
Warning: In design 'axis_matvec_mul_R2_C2_W_X2_W_K2', input port 'clk' drives wired logic; the port direction may have been specified incorrectly. (LINT-6)
Warning: In design 'axis_matvec_mul_R2_C2_W_X2_W_K2', input port 'rstn' drives wired logic; the port direction may have been specified incorrectly. (LINT-6)
Warning: In design 'axis_matvec_mul_R2_C2_W_X2_W_K2', input port 's_axis_kx_tdata[11]' drives wired logic; the port direction may have been specified incorrectly. (LINT-6)
Warning: In design 'axis_matvec_mul_R2_C2_W_X2_W_K2', input port 's_axis_kx_tdata[10]' drives wired logic; the port direction may have been specified incorrectly. (LINT-6)
Warning: In design 'axis_matvec_mul_R2_C2_W_X2_W_K2', input port 's_axis_kx_tdata[9]' drives wired logic; the port direction may have been specified incorrectly. (LINT-6)
Warning: In design 'axis_matvec_mul_R2_C2_W_X2_W_K2', input port 's_axis_kx_tdata[8]' drives wired logic; the port direction may have been specified incorrectly. (LINT-6)
Warning: In design 'axis_matvec_mul_R2_C2_W_X2_W_K2', input port 's_axis_kx_tdata[7]' drives wired logic; the port direction may have been specified incorrectly. (LINT-6)
Warning: In design 'axis_matvec_mul_R2_C2_W_X2_W_K2', input port 's_axis_kx_tdata[6]' drives wired logic; the port direction may have been specified incorrectly. (LINT-6)
Warning: In design 'axis_matvec_mul_R2_C2_W_X2_W_K2', input port 's_axis_kx_tdata[5]' drives wired logic; the port direction may have been specified incorrectly. (LINT-6)
Warning: In design 'axis_matvec_mul_R2_C2_W_X2_W_K2', input port 's_axis_kx_tdata[4]' drives wired logic; the port direction may have been specified incorrectly. (LINT-6)
Warning: In design 'axis_matvec_mul_R2_C2_W_X2_W_K2', input port 's_axis_kx_tdata[3]' drives wired logic; the port direction may have been specified incorrectly. (LINT-6)
Warning: In design 'axis_matvec_mul_R2_C2_W_X2_W_K2', input port 's_axis_kx_tdata[2]' drives wired logic; the port direction may have been specified incorrectly. (LINT-6)
Warning: In design 'axis_matvec_mul_R2_C2_W_X2_W_K2', input port 's_axis_kx_tdata[1]' drives wired logic; the port direction may have been specified incorrectly. (LINT-6)
Warning: In design 'axis_matvec_mul_R2_C2_W_X2_W_K2', input port 's_axis_kx_tdata[0]' drives wired logic; the port direction may have been specified incorrectly. (LINT-6)
Warning: In design 'axis_matvec_mul_R2_C2_W_X2_W_K2', input port 'm_axis_y_tready' drives wired logic; the port direction may have been specified incorrectly. (LINT-6)
Warning: In design 'mvm_uart_system', the same net is connected to more than one pin on submodule 'UART_TX'. (LINT-33)
   Net 'm_data_y[9]' is connected to pins 's_data[7][7]', 's_data[7][6]'', 's_data[7][5]', 's_data[7][4]', 's_data[7][3]', 's_data[7][2]', 's_data[7][1]', 's_data[7][0]', 's_data[6][7]', 's_data[6][6]', 's_data[6][5]', 's_data[6][4]', 's_data[6][3]', 's_data[6][2]', 's_data[6][1]', 's_data[6][0]', 's_data[5][7]', 's_data[5][6]', 's_data[5][5]', 's_data[5][4]', 's_data[5][3]', 's_data[5][2]', 's_data[5][1]', 's_data[5][0]', 's_data[4][7]', 's_data[4][6]', 's_data[4][5]', 's_data[4][4]'.
Warning: In design 'mvm_uart_system', the same net is connected to more than one pin on submodule 'UART_TX'. (LINT-33)
   Net 'm_data_y[4]' is connected to pins 's_data[3][7]', 's_data[3][6]'', 's_data[3][5]', 's_data[3][4]', 's_data[3][3]', 's_data[3][2]', 's_data[3][1]', 's_data[3][0]', 's_data[2][7]', 's_data[2][6]', 's_data[2][5]', 's_data[2][4]', 's_data[2][3]', 's_data[2][2]', 's_data[2][1]', 's_data[2][0]', 's_data[1][7]', 's_data[1][6]', 's_data[1][5]', 's_data[1][4]', 's_data[1][3]', 's_data[1][2]', 's_data[1][1]', 's_data[1][0]', 's_data[0][7]', 's_data[0][6]', 's_data[0][5]', 's_data[0][4]'.
Warning: In design 'mvm_uart_system', three-state bus 'm_ready' has non three-state driver 'UART_TX/I_0/Z'. (LINT-34)
Warning: In design 'mvm_uart_system', three-state bus 's_data_kx[0]' has non three-state driver 'UART_RX/m_data_reg[0]/Q'. (LINT-34)
Warning: In design 'mvm_uart_system', three-state bus 's_data_kx[1]' has non three-state driver 'UART_RX/m_data_reg[1]/Q'. (LINT-34)
Warning: In design 'mvm_uart_system', three-state bus 's_data_kx[2]' has non three-state driver 'UART_RX/m_data_reg[2]/Q'. (LINT-34)
Warning: In design 'mvm_uart_system', three-state bus 's_data_kx[3]' has non three-state driver 'UART_RX/m_data_reg[3]/Q'. (LINT-34)
Warning: In design 'mvm_uart_system', three-state bus 's_data_kx[4]' has non three-state driver 'UART_RX/m_data_reg[4]/Q'. (LINT-34)
Warning: In design 'mvm_uart_system', three-state bus 's_data_kx[5]' has non three-state driver 'UART_RX/m_data_reg[5]/Q'. (LINT-34)
Warning: In design 'mvm_uart_system', three-state bus 's_data_kx[6]' has non three-state driver 'UART_RX/m_data_reg[6]/Q'. (LINT-34)
Warning: In design 'mvm_uart_system', three-state bus 's_data_kx[7]' has non three-state driver 'UART_RX/m_data_reg[7]/Q'. (LINT-34)
Warning: In design 'mvm_uart_system', three-state bus 's_data_kx[8]' has non three-state driver 'UART_RX/m_data_reg[8]/Q'. (LINT-34)
Warning: In design 'mvm_uart_system', three-state bus 's_data_kx[9]' has non three-state driver 'UART_RX/m_data_reg[9]/Q'. (LINT-34)
Warning: In design 'mvm_uart_system', three-state bus 's_data_kx[10]' has non three-state driver 'UART_RX/m_data_reg[10]/Q'. (LINT-34)
Warning: In design 'mvm_uart_system', three-state bus 's_data_kx[11]' has non three-state driver 'UART_RX/m_data_reg[11]/Q'. (LINT-34)
Warning: In design 'mvm_uart_system', three-state bus 'AXIS_MVM/i_valid' has non three-state driver 'AXIS_MVM/i_valid_reg/Q'. (LINT-34)
1
